x:/NextCloudStorage/ImportantData/VSCode/VSCode_portable/data/user-data/User/globalStorage/semyon-ivanov.cortex-builder/Core/core_cm4.h:1684:22:__NVIC_EnableIRQ	16	static
x:/NextCloudStorage/ImportantData/VSCode/VSCode_portable/data/user-data/User/globalStorage/semyon-ivanov.cortex-builder/Core/core_cm4.h:1775:22:__NVIC_ClearPendingIRQ	16	static
x:/NextCloudStorage/ImportantData/VSCode/VSCode_portable/data/user-data/User/globalStorage/semyon-ivanov.cortex-builder/Core/core_cm4.h:1814:22:__NVIC_SetPriority	16	static
Periph/source/rtc.c:32:6:RTC_auto_wakeup_enable	16	static
Periph/source/rtc.c:63:6:RTC_set_time	16	static
Periph/source/rtc.c:79:10:RTC_struct_brief_time_converter	24	static
Periph/source/rtc.c:87:10:RTC_struct_brief_date_converter	24	static
Periph/source/rtc.c:96:6:RTC_set_date	16	static
Periph/source/rtc.c:112:6:RTC_data_update	24	static
Periph/source/rtc.c:142:9:RTC_Init	4	static
Periph/source/rtc.c:184:6:rtc_writeToBkp	24	static
Periph/source/rtc.c:200:6:write_single_bkp_reg	16	static
Periph/source/rtc.c:213:6:RTC_time_difference	24	static
Periph/source/rtc.c:223:10:RTC_EncodeDateTime	24	static
Periph/source/rtc.c:231:6:RTC_get_time	24	static
Periph/source/rtc.c:254:6:RTC_get_alarm	16	static
Periph/source/rtc.c:261:6:RTC_alarm_init	8	static
Periph/source/rtc.c:307:6:RTC_alarm_update	16	static
